// Jest Snapshot v1, https://goo.gl/fbAQLP

exports[`<PostCard /> should match snapshot 1`] = `
<div
  class="post"
>
  <img
    alt="title 1"
    src="img/img.png"
  />
  <div
    class="post-content"
  >
    <h2>
      Title: 
      title 1
    </h2>
    <p>
      Body: 
      body 1
    </p>
  </div>
</div>
`;
