// Jest Snapshot v1, https://goo.gl/fbAQLP

exports[`<NotFoundText /> should match snapshot 1`] = `
<p
  class="center"
>
  Nenhum post encontrado!!
</p>
`;
