// Jest Snapshot v1, https://goo.gl/fbAQLP

exports[`<Loading /> should match snapshot 1`] = `
<p
  class="center"
>
  Loading...
</p>
`;
